Archive member included because of file (symbol)

/home/hatsune/menuetos/lib/libc.a(param.o)
                              /home/hatsune/menuetos/stub/crt0.o (__menuet__app_path_area)
/home/hatsune/menuetos/lib/libc.a(crt1.o)
                              /home/hatsune/menuetos/stub/crt0.o (__crt1_startup)
/home/hatsune/menuetos/lib/libc.a(brk.o)
                              /home/hatsune/menuetos/lib/libc.a(crt1.o) (init_brk)
/home/hatsune/menuetos/lib/libc.a(crt0.o)
                              /home/hatsune/menuetos/lib/libc.a(crt1.o) (__crt0_setup_arguments)
/home/hatsune/menuetos/lib/libc.a(emu_init.o)
                              /home/hatsune/menuetos/lib/libc.a(crt1.o) (dosemu_inithandles)
/home/hatsune/menuetos/lib/libc.a(_main.o)
                              /home/hatsune/menuetos/lib/libc.a(crt1.o) (__main)
/home/hatsune/menuetos/lib/libc.a(exit.o)
                              /home/hatsune/menuetos/lib/libc.a(crt1.o) (exit)
/home/hatsune/menuetos/lib/libc.a(errno.o)
                              /home/hatsune/menuetos/lib/libc.a(brk.o) (errno)
/home/hatsune/menuetos/lib/libc.a(malloc.o)
                              /home/hatsune/menuetos/lib/libc.a(crt0.o) (malloc)
/home/hatsune/menuetos/lib/libc.a(strlen.o)
                              /home/hatsune/menuetos/lib/libc.a(crt0.o) (strlen)
/home/hatsune/menuetos/lib/libc.a(strcpy.o)
                              /home/hatsune/menuetos/lib/libc.a(emu_init.o) (strcpy)
/home/hatsune/menuetos/lib/libc.a(strrchr.o)
                              /home/hatsune/menuetos/lib/libc.a(emu_init.o) (strrchr)
/home/hatsune/menuetos/lib/libc.a(delay.o)
                              /home/hatsune/menuetos/lib/libc.a(malloc.o) (__menuet__delay100)
/home/hatsune/menuetos/lib/libc.a(memcpy.o)
                              /home/hatsune/menuetos/lib/libc.a(malloc.o) (memcpy)
